// Jest Snapshot v1, https://goo.gl/fbAQLP

exports[`should render GridBuilderPage correctly 1`] = `<div />`;
