// Jest Snapshot v1, https://goo.gl/fbAQLP

exports[`should render PatternBuilderPage correctly 1`] = `
<div>
  <PatternDisplay />
  <Connect(PatternOptionsPanel) />
  <GridSelectionPanel />
</div>
`;
